
There are no discarded input sections

Memory Configuration

Name             Origin             Length             Attributes
RAM              0x20000000         0x0000a000         xrw
FLASH            0x08000000         0x00040000         xr
*default*        0x00000000         0xffffffff

Linker script and memory map

LOAD build/definitions.o
LOAD build/game.o
LOAD build/startup.o
                0x2000a000                        _estack = (ORIGIN (RAM) + LENGTH (RAM))
                0x00000400                        _Min_Stack_Size = 0x400

.isr_vector     0x08000000      0x188
                0x08000000                        . = ALIGN (0x4)
 *(.isr_vector)
 .isr_vector    0x08000000      0x188 build/startup.o
                0x08000188                        . = ALIGN (0x4)

.text           0x08000188      0x4ae
 *(.text)
 .text          0x08000188        0x0 build/definitions.o
 .text          0x08000188      0x41c build/game.o
                0x0800018a                Main
                0x080004e0                SysTick_Handler
                0x0800053c                EXTI0_IRQHandler
 .text          0x080005a4       0x90 build/startup.o
                0x080005a4                Reset_Handler
                0x0800061c                Init_Test
 *(.text*)
 .text.Default_Handler
                0x08000634        0x2 build/startup.o
                0x08000634                TIM1_BRK_TIM15_IRQHandler
                0x08000634                TIM8_TRG_COM_IRQHandler
                0x08000634                TIM8_CC_IRQHandler
                0x08000634                DebugMon_Handler
                0x08000634                TIM1_CC_IRQHandler
                0x08000634                HardFault_Handler
                0x08000634                USB_HP_IRQHandler
                0x08000634                PVD_IRQHandler
                0x08000634                TAMP_STAMP_IRQHandler
                0x08000634                PendSV_Handler
                0x08000634                NMI_Handler
                0x08000634                EXTI3_IRQHandler
                0x08000634                USB_HP_CAN_TX_IRQHandler
                0x08000634                I2C2_EV_IRQHandler
                0x08000634                FPU_IRQHandler
                0x08000634                TIM1_UP_TIM16_IRQHandler
                0x08000634                UsageFault_Handler
                0x08000634                ADC1_2_IRQHandler
                0x08000634                SPI1_IRQHandler
                0x08000634                CAN_SCE_IRQHandler
                0x08000634                TIM6_DAC_IRQHandler
                0x08000634                TIM8_UP_IRQHandler
                0x08000634                DMA2_Channel2_IRQHandler
                0x08000634                DMA1_Channel4_IRQHandler
                0x08000634                USART3_IRQHandler
                0x08000634                DMA1_Channel7_IRQHandler
                0x08000634                UART5_IRQHandler
                0x08000634                ADC3_IRQHandler
                0x08000634                TIM4_IRQHandler
                0x08000634                CAN_RX1_IRQHandler
                0x08000634                DMA2_Channel1_IRQHandler
                0x08000634                I2C1_EV_IRQHandler
                0x08000634                DMA1_Channel6_IRQHandler
                0x08000634                UART4_IRQHandler
                0x08000634                DMA2_Channel4_IRQHandler
                0x08000634                TIM3_IRQHandler
                0x08000634                RCC_IRQHandler
                0x08000634                DMA1_Channel1_IRQHandler
                0x08000634                Default_Handler
                0x08000634                USBWakeUp_RMP_IRQHandler
                0x08000634                EXTI15_10_IRQHandler
                0x08000634                TIM7_IRQHandler
                0x08000634                EXTI9_5_IRQHandler
                0x08000634                RTC_WKUP_IRQHandler
                0x08000634                SPI2_IRQHandler
                0x08000634                USB_LP_CAN_RX0_IRQHandler
                0x08000634                MemManage_Handler
                0x08000634                SVC_Handler
                0x08000634                DMA2_Channel5_IRQHandler
                0x08000634                DMA1_Channel5_IRQHandler
                0x08000634                USB_LP_IRQHandler
                0x08000634                EXTI4_IRQHandler
                0x08000634                TIM1_TRG_COM_TIM17_IRQHandler
                0x08000634                DMA1_Channel3_IRQHandler
                0x08000634                ADC4_IRQHandler
                0x08000634                WWDG_IRQHandler
                0x08000634                TIM2_IRQHandler
                0x08000634                COMP7_IRQHandler
                0x08000634                COMP1_2_3_IRQHandler
                0x08000634                EXTI1_IRQHandler
                0x08000634                USART2_IRQHandler
                0x08000634                COMP4_5_6_IRQHandler
                0x08000634                I2C2_ER_IRQHandler
                0x08000634                DMA1_Channel2_IRQHandler
                0x08000634                TIM8_BRK_IRQHandler
                0x08000634                FLASH_IRQHandler
                0x08000634                BusFault_Handler
                0x08000634                USART1_IRQHandler
                0x08000634                SPI3_IRQHandler
                0x08000634                I2C1_ER_IRQHandler
                0x08000634                USBWakeUp_IRQHandler
                0x08000634                DMA2_Channel3_IRQHandler
                0x08000634                EXTI2_TSC_IRQHandler
                0x08000634                RTC_Alarm_IRQHandler

.glue_7         0x08000638        0x0
 .glue_7        0x08000638        0x0 linker stubs

.glue_7t        0x08000638        0x0
 .glue_7t       0x08000638        0x0 linker stubs

.vfp11_veneer   0x08000638        0x0
 .vfp11_veneer  0x08000638        0x0 linker stubs

.v4_bx          0x08000638        0x0
 .v4_bx         0x08000638        0x0 linker stubs

.iplt           0x08000638        0x0
 .iplt          0x08000638        0x0 build/game.o

.rel.dyn        0x08000638        0x0
 .rel.iplt      0x08000638        0x0 build/game.o

.rodata         0x08000636        0x2
                0x08000638                        . = ALIGN (0x4)
 *fill*         0x08000636        0x2 
 *(.rodata)
 *(.rodata*)

.bss            0x20000000        0x0
                0x20000000                        . = ALIGN (0x4)
                0x20000000                        _sbss = .
 *(.bss .bss.*)
 .bss           0x20000000        0x0 build/definitions.o
 .bss           0x20000000        0x0 build/game.o
 .bss           0x20000000        0x0 build/startup.o
 *(COMMON)
                0x20000000                        _ebss = .

.data           0x20000000        0xc load address 0x08000638
                0x08000638                        _load_address = LOADADDR (.data)
                0x20000000                        . = ALIGN (0x4)
                0x20000000                        _sdata = .
 *(.data.test)
                0x20000000                        . = ALIGN (0x4)
 *(.data)
 .data          0x20000000        0x0 build/definitions.o
 .data          0x20000000        0xc build/game.o
 .data          0x2000000c        0x0 build/startup.o
 *(.data*)
                0x2000000c                        _edata = .
OUTPUT(build/firmware.elf elf32-littlearm)
LOAD linker stubs

.igot.plt       0x2000000c        0x0 load address 0x08000644
 .igot.plt      0x2000000c        0x0 build/game.o

.ARM.attributes
                0x00000000       0x1c
 .ARM.attributes
                0x00000000       0x1c build/definitions.o
 .ARM.attributes
                0x0000001c       0x21 build/game.o
 .ARM.attributes
                0x0000003d       0x21 build/startup.o

.debug_line     0x00000000      0x250
 .debug_line    0x00000000      0x1cd build/game.o
 .debug_line    0x000001cd       0x83 build/startup.o

.debug_info     0x00000000      0x459
 .debug_info    0x00000000       0x26 build/game.o
 .debug_info    0x00000026      0x433 build/startup.o

.debug_abbrev   0x00000000       0x31
 .debug_abbrev  0x00000000       0x14 build/game.o
 .debug_abbrev  0x00000014       0x1d build/startup.o

.debug_aranges  0x00000000       0x48
 .debug_aranges
                0x00000000       0x20 build/game.o
 .debug_aranges
                0x00000020       0x28 build/startup.o

.debug_str      0x00000000      0x6d9
 .debug_str     0x00000000      0x6d9 build/game.o
                                 0x66 (size before relaxing)
 .debug_str     0x000006d9      0x673 build/startup.o

.debug_ranges   0x00000000       0x20
 .debug_ranges  0x00000000       0x20 build/startup.o

Cross Reference Table

Symbol                                            File
ADC1_2_IRQHandler                                 build/startup.o
ADC3_IRQHandler                                   build/startup.o
ADC4_IRQHandler                                   build/startup.o
BusFault_Handler                                  build/startup.o
CAN_RX1_IRQHandler                                build/startup.o
CAN_SCE_IRQHandler                                build/startup.o
COMP1_2_3_IRQHandler                              build/startup.o
COMP4_5_6_IRQHandler                              build/startup.o
COMP7_IRQHandler                                  build/startup.o
DMA1_Channel1_IRQHandler                          build/startup.o
DMA1_Channel2_IRQHandler                          build/startup.o
DMA1_Channel3_IRQHandler                          build/startup.o
DMA1_Channel4_IRQHandler                          build/startup.o
DMA1_Channel5_IRQHandler                          build/startup.o
DMA1_Channel6_IRQHandler                          build/startup.o
DMA1_Channel7_IRQHandler                          build/startup.o
DMA2_Channel1_IRQHandler                          build/startup.o
DMA2_Channel2_IRQHandler                          build/startup.o
DMA2_Channel3_IRQHandler                          build/startup.o
DMA2_Channel4_IRQHandler                          build/startup.o
DMA2_Channel5_IRQHandler                          build/startup.o
DebugMon_Handler                                  build/startup.o
Default_Handler                                   build/startup.o
EXTI0_IRQHandler                                  build/game.o
EXTI15_10_IRQHandler                              build/startup.o
EXTI1_IRQHandler                                  build/startup.o
EXTI2_TSC_IRQHandler                              build/startup.o
EXTI3_IRQHandler                                  build/startup.o
EXTI4_IRQHandler                                  build/startup.o
EXTI9_5_IRQHandler                                build/startup.o
FLASH_IRQHandler                                  build/startup.o
FPU_IRQHandler                                    build/startup.o
HardFault_Handler                                 build/startup.o
I2C1_ER_IRQHandler                                build/startup.o
I2C1_EV_IRQHandler                                build/startup.o
I2C2_ER_IRQHandler                                build/startup.o
I2C2_EV_IRQHandler                                build/startup.o
Init_Test                                         build/startup.o
Main                                              build/game.o
                                                  build/startup.o
MemManage_Handler                                 build/startup.o
NMI_Handler                                       build/startup.o
PVD_IRQHandler                                    build/startup.o
PendSV_Handler                                    build/startup.o
RCC_IRQHandler                                    build/startup.o
RTC_Alarm_IRQHandler                              build/startup.o
RTC_WKUP_IRQHandler                               build/startup.o
Reset_Handler                                     build/startup.o
SPI1_IRQHandler                                   build/startup.o
SPI2_IRQHandler                                   build/startup.o
SPI3_IRQHandler                                   build/startup.o
SVC_Handler                                       build/startup.o
SysTick_Handler                                   build/game.o
TAMP_STAMP_IRQHandler                             build/startup.o
TIM1_BRK_TIM15_IRQHandler                         build/startup.o
TIM1_CC_IRQHandler                                build/startup.o
TIM1_TRG_COM_TIM17_IRQHandler                     build/startup.o
TIM1_UP_TIM16_IRQHandler                          build/startup.o
TIM2_IRQHandler                                   build/startup.o
TIM3_IRQHandler                                   build/startup.o
TIM4_IRQHandler                                   build/startup.o
TIM6_DAC_IRQHandler                               build/startup.o
TIM7_IRQHandler                                   build/startup.o
TIM8_BRK_IRQHandler                               build/startup.o
TIM8_CC_IRQHandler                                build/startup.o
TIM8_TRG_COM_IRQHandler                           build/startup.o
TIM8_UP_IRQHandler                                build/startup.o
UART4_IRQHandler                                  build/startup.o
UART5_IRQHandler                                  build/startup.o
USART1_IRQHandler                                 build/startup.o
USART2_IRQHandler                                 build/startup.o
USART3_IRQHandler                                 build/startup.o
USBWakeUp_IRQHandler                              build/startup.o
USBWakeUp_RMP_IRQHandler                          build/startup.o
USB_HP_CAN_TX_IRQHandler                          build/startup.o
USB_HP_IRQHandler                                 build/startup.o
USB_LP_CAN_RX0_IRQHandler                         build/startup.o
USB_LP_IRQHandler                                 build/startup.o
UsageFault_Handler                                build/startup.o
WWDG_IRQHandler                                   build/startup.o
_ebss                                             build/startup.o
_edata                                            build/startup.o
_estack                                           build/startup.o
_load_address                                     build/startup.o
_sbss                                             build/startup.o
_sdata                                            build/startup.o
